2026-04-05 20:46:16 - multi_agents.intake - INFO - [po_20260405_204616_06d23f1f] Starting node: intake
2026-04-05 20:46:16 - multi_agents.progress - INFO - [po_20260405_204616_06d23f1f] Progress: Stage.CREATED - 已创建分析任务
2026-04-05 20:46:16 - multi_agents.intake - INFO - [po_20260405_204616_06d23f1f] Intake completed: query='分析巴以冲突的最新舆情态势...'
2026-04-05 20:46:16 - multi_agents.intake - INFO - [po_20260405_204616_06d23f1f] Node intake completed
2026-04-05 20:46:16 - multi_agents.planner - INFO - [po_20260405_204616_06d23f1f] Starting node: planner
2026-04-05 20:46:16 - multi_agents.progress - INFO - [unknown] Progress: Stage.PLANNING - 正在制定分析计划
2026-04-05 20:46:16 - multi_agents.llm_client - INFO - Calling LLM: model=alb_model_2601, role=planner, messages=2
2026-04-05 20:46:22 - multi_agents.llm_client - INFO - LLM response received in 6.32s, 361 chars
2026-04-05 20:46:22 - multi_agents.planner - INFO - [po_20260405_204616_06d23f1f] Plan generated: 巴以冲突最新舆情态势分析, dimensions=['事件动态', '情感分析', '传播路径', '风险信号', '关键人物']
2026-04-05 20:46:22 - multi_agents.planner - INFO - [po_20260405_204616_06d23f1f] Node planner completed
2026-04-05 20:46:22 - multi_agents.query_engine_node - INFO - [po_20260405_204616_06d23f1f] Starting node: query_engine
2026-04-05 20:46:22 - multi_agents.progress - INFO - [unknown] Progress: Stage.QUERYING - 正在检索公开信息
2026-04-05 20:46:22.498 | INFO     | QueryEngine.agent:__init__:46 - 使用搜索工具: DuckDuckGoNewsAgency
2026-04-05 20:46:22.499 | INFO     | QueryEngine.agent:__init__:57 - Query Agent已初始化
2026-04-05 20:46:22.499 | INFO     | QueryEngine.agent:__init__:58 - 使用LLM: {'provider': 'alb_model_2601', 'model': 'alb_model_2601', 'api_base': 'http://192.168.195.195:18011/v1'}
2026-04-05 20:46:22.499 | INFO     | QueryEngine.agent:__init__:59 - 搜索工具集: DuckDuckGoNewsAgency (支持6种搜索工具)
2026-04-05 20:46:22.499 | INFO     | QueryEngine.agent:research:154 - 
============================================================
2026-04-05 20:46:22.499 | INFO     | QueryEngine.agent:research:155 - 开始深度研究: 分析巴以冲突的最新舆情态势
2026-04-05 20:46:22.499 | INFO     | QueryEngine.agent:research:156 - ============================================================
2026-04-05 20:46:22.499 | INFO     | QueryEngine.agent:_generate_report_structure:186 - 
[步骤 1] 生成报告结构...
2026-04-05 20:46:22.499 | INFO     | QueryEngine.nodes.report_structure_node:run:52 - 正在为查询生成报告结构: 分析巴以冲突的最新舆情态势
